#-----------------------------------------------------------
# Vivado v2020.2 (64-bit)
# SW Build 3064766 on Wed Nov 18 09:12:45 MST 2020
# IP Build 3064653 on Wed Nov 18 14:17:31 MST 2020
# Start of session at: Fri Jun 18 18:13:05 2021
# Process ID: 10904
# Current directory: c:/Users/ASUS/Desktop/CRSTUFF/DiceRoller/DiceRoller.tmp/dicenumbergeneratorcop_v1_0_project/DiceNumberGeneratorCop_v1_0_project.runs/synth_1
# Command line: vivado.exe -log DiceNumberGenerator.vds -product Vivado -mode batch -messageDb vivado.pb -notrace -source DiceNumberGenerator.tcl
# Log file: c:/Users/ASUS/Desktop/CRSTUFF/DiceRoller/DiceRoller.tmp/dicenumbergeneratorcop_v1_0_project/DiceNumberGeneratorCop_v1_0_project.runs/synth_1/DiceNumberGenerator.vds
# Journal file: c:/Users/ASUS/Desktop/CRSTUFF/DiceRoller/DiceRoller.tmp/dicenumbergeneratorcop_v1_0_project/DiceNumberGeneratorCop_v1_0_project.runs/synth_1\vivado.jou
#-----------------------------------------------------------
source DiceNumberGenerator.tcl -notrace
